// Jest Snapshot v1, https://goo.gl/fbAQLP

exports[`Create idea form matches snapshot 1`] = `
<DocumentFragment>
  <form
    aria-label="create-edit-Create edit idea form-form"
    autocomplete="off"
    id="create-edit-idea-form"
    name="create-edit-Create edit idea form-form"
    novalidate=""
  >
    <div
      class="chakra-stack css-mdhvlu"
    >
      <div
        class="chakra-stack css-1uxng5d"
      >
        <div
          class="chakra-form-control css-1cmijj6"
          role="group"
        >
          <label
            class="chakra-form__label css-1cz0ncb"
            for="name"
            id="name-label"
          >
            Name of your idea
            <span
              aria-hidden="true"
              class="chakra-form__required-indicator css-0"
              role="presentation"
            >
              *
            </span>
          </label>
          <input
            aria-label="name"
            aria-required="true"
            class="chakra-input css-vnjr4l"
            control="[object Object]"
            errortext="Please enter a name for your idea"
            id="name"
            label="Name of your idea"
            name="name"
            placeholder="Name of your idea"
            required=""
            value=""
          />
        </div>
        <div
          class="chakra-form-control css-0"
          role="group"
        >
          <label
            class="chakra-form__label css-1hrwh1j"
            for="description"
            id="description-label"
          >
            Description of your idea
            <span
              aria-hidden="true"
              class="chakra-form__required-indicator css-0"
              role="presentation"
            >
              *
            </span>
          </label>
          <textarea
            aria-required="true"
            class="chakra-textarea css-1xh66r"
            id="description"
            placeholder="Write a description about your idea (max. 500 characters)"
            required=""
          />
        </div>
        <div
          class="chakra-form-control css-0"
          role="group"
        >
          <label
            class="chakra-form__label css-1hrwh1j"
            for="missionstatement"
            id="missionstatement-label"
          >
            Mission statement
          </label>
          <textarea
            class="chakra-textarea css-1xh66r"
            id="missionstatement"
            placeholder="Write a mission statement about your idea (max. 500 characters)"
          />
        </div>
        <div
          class="chakra-form-control css-m5v8bu"
          role="group"
        >
          <label
            class="chakra-form__label css-1hrwh1j"
            for="industry"
            id="industry-label"
          >
            What industry is your idea?
            <span
              aria-hidden="true"
              class="chakra-form__required-indicator css-0"
              role="presentation"
            >
              *
            </span>
          </label>
          <div
            class="chakra-select__wrapper css-42b2qy"
          >
            <select
              aria-label="industry"
              aria-required="true"
              class="chakra-select css-z0iqzd"
              id="industry"
              name="industry"
              required=""
            >
              <option
                value=""
              >
                Select industry
              </option>
              <option
                value="Agriculture"
              >
                Agriculture
              </option>
              <option
                value="Education"
              >
                Education
              </option>
              <option
                value="Engineering"
              >
                Engineering
              </option>
              <option
                value="Food & Drink"
              >
                Food & Drink
              </option>
              <option
                value="Media"
              >
                Media
              </option>
              <option
                value="Medical"
              >
                Medical
              </option>
              <option
                value="Online Services"
              >
                Online Services
              </option>
              <option
                value="Other"
              >
                Other
              </option>
              <option
                value="Professional Services"
              >
                Professional Services
              </option>
              <option
                value="Retail"
              >
                Retail
              </option>
              <option
                value="Sports"
              >
                Sports
              </option>
              <option
                value="Technology"
              >
                Technology
              </option>
              <option
                value="Tourism"
              >
                Tourism
              </option>
              <option
                value="Transport"
              >
                Transport
              </option>
              <option
                value="Utilities"
              >
                Utilities
              </option>
            </select>
            <div
              class="chakra-select__icon-wrapper css-162mkon"
            >
              <svg
                aria-hidden="true"
                class="chakra-select__icon"
                focusable="false"
                role="presentation"
                style="width: 1em; height: 1em; color: currentColor;"
                viewBox="0 0 24 24"
              >
                <path
                  d="M16.59 8.59L12 13.17 7.41 8.59 6 10l6 6 6-6z"
                  fill="currentColor"
                />
              </svg>
            </div>
          </div>
        </div>
        <div
          class="chakra-form-control css-m5v8bu"
          role="group"
        >
          <label
            class="chakra-form__label css-1hrwh1j"
            for="status"
            id="status-label"
          >
            What is its current status?
            <span
              aria-hidden="true"
              class="chakra-form__required-indicator css-0"
              role="presentation"
            >
              *
            </span>
          </label>
          <div
            class="chakra-select__wrapper css-42b2qy"
          >
            <select
              aria-label="status"
              aria-required="true"
              class="chakra-select css-z0iqzd"
              id="status"
              name="status"
              required=""
            >
              <option
                value=""
              >
                Select status
              </option>
              <option
                value="Idea generation and validation"
              >
                Idea generation and validation
              </option>
              <option
                value="Building the founding team"
              >
                Building the founding team
              </option>
              <option
                value="Pre-launch development and preparation"
              >
                Pre-launch development and preparation
              </option>
              <option
                value="Launched and have live customers"
              >
                Launched and have live customers
              </option>
            </select>
            <div
              class="chakra-select__icon-wrapper css-162mkon"
            >
              <svg
                aria-hidden="true"
                class="chakra-select__icon"
                focusable="false"
                role="presentation"
                style="width: 1em; height: 1em; color: currentColor;"
                viewBox="0 0 24 24"
              >
                <path
                  d="M16.59 8.59L12 13.17 7.41 8.59 6 10l6 6 6-6z"
                  fill="currentColor"
                />
              </svg>
            </div>
          </div>
        </div>
        <div
          class="chakra-form-control css-0"
          role="group"
        >
          <label
            class="chakra-form__label css-1hrwh1j"
            for="competitors"
            id="competitors-label"
          >
            Your competitors
          </label>
          <textarea
            class="chakra-textarea css-1xh66r"
            id="competitors"
            placeholder="List your competitors about your idea"
          />
        </div>
        <div
          class="chakra-form-control css-0"
          role="group"
        >
          <label
            class="chakra-form__label css-1hrwh1j"
            for="team"
            id="team-label"
          >
            Your team
          </label>
          <textarea
            class="chakra-textarea css-1xh66r"
            id="team"
            placeholder="List each team member"
          />
        </div>
        <div
          class="chakra-form-control css-0"
          role="group"
        >
          <label
            class="chakra-form__label css-1hrwh1j"
            for="additional_information"
            id="additional_information-label"
          >
            Additional information
          </label>
          <textarea
            class="chakra-textarea css-1xh66r"
            id="additional_information"
            placeholder="Any additional information"
          />
        </div>
        <div
          class="chakra-form-control css-0"
          role="group"
        >
          <label
            class="chakra-form__label css-k9vklr"
            for="is_published"
            id="label-is_published"
          >
            Publish your idea
          </label>
          <label
            class="chakra-switch css-evm8da"
            data-checked=""
            role="switch"
          >
            <input
              checked=""
              class="chakra-switch__input"
              id="is_published"
              style="border: 0px; clip: rect(0px, 0px, 0px, 0px); height: 1px; width: 1px; margin: -1px; padding: 0px; overflow: hidden; white-space: nowrap; position: absolute;"
              type="checkbox"
              value="true"
            />
            <span
              aria-hidden="true"
              class="chakra-switch__track css-14qxnv8"
              data-checked=""
            >
              <span
                class="chakra-switch__thumb css-0"
                data-checked=""
              />
            </span>
          </label>
          <div
            class="chakra-form__helper-text css-0"
            id="helper-text-is_published"
          >
            You can change this after it's been created
          </div>
        </div>
        <button
          aria-label="submit"
          class="chakra-button css-1ac6dtc"
          disabled=""
          name="submit"
          type="submit"
        >
          Create your idea
        </button>
      </div>
    </div>
  </form>
</DocumentFragment>
`;
