// Jest Snapshot v1, https://goo.gl/fbAQLP

exports[`AuthLayout layout matches AuthLayout snapshot 1`] = `
<DocumentFragment>
  <div
    class="chakra-stack css-11we7xs"
  >
    <img
      alt="logo"
      class="chakra-image css-1b7p44u"
      src="/logo.svg"
    />
    <h2
      class="chakra-heading css-1zp44w"
    >
      Login
    </h2>
    <form
      aria-label="loginform"
      autocomplete="off"
      id="login-form"
      name="loginform"
      novalidate=""
    >
      <div
        class="chakra-stack css-6epcyi"
      >
        <div
          class="chakra-stack css-1moek9b"
        >
          <div
            class="chakra-form-control css-1naxzcr"
            role="group"
          >
            <input
              aria-label="email"
              aria-required="true"
              class="chakra-input css-0"
              control="[object Object]"
              errortext="Please enter a valid email"
              id="email-email"
              name="email"
              placeholder="Email"
              required=""
              rules="[object Object]"
              type="email"
              value=""
            />
          </div>
          <div
            class="chakra-form-control css-1naxzcr"
            role="group"
          >
            <input
              aria-label="password"
              aria-required="true"
              class="chakra-input css-0"
              control="[object Object]"
              errortext="Please enter a valid password between 6 and 20 characters."
              id="password-password"
              name="password"
              placeholder="Password"
              required=""
              rules="[object Object]"
              type="password"
              value=""
            />
          </div>
          <button
            aria-label="submit-login"
            class="chakra-button css-uxt1e8"
            disabled=""
            id="submit-login"
            type="submit"
          >
            Login now
          </button>
          <p
            class="chakra-text css-1izd6ip"
          >
            Don't have an account?
            <a
              class="chakra-link css-qgrdgl"
              href="/app/register"
              title="Link to register an account"
            >
               Create one here
            </a>
          </p>
        </div>
      </div>
    </form>
  </div>
</DocumentFragment>
`;
