// Jest Snapshot v1, https://goo.gl/fbAQLP

exports[`Reset password form matches snapshot 1`] = `
<DocumentFragment>
  <form
    aria-label="reset-password-form"
    autocomplete="off"
    id="reset-password-form"
    name="reset-password-form"
    novalidate=""
  >
    <div
      class="chakra-stack css-w4pe59"
    >
      <p
        class="chakra-text css-yytlon"
      >
        Please enter your email address below and we will send you an email with instructions to reset your password.
      </p>
      <div
        class="chakra-form-control css-0"
        role="group"
      >
        <div
          aria-live="polite"
          class="css-jhkd4z"
          id="form-input"
        >
          <div
            class="css-qnoc8j"
          />
          <input
            aria-label="email"
            aria-required="true"
            class="chakra-input css-133xfak"
            errors="[object Object]"
            id="email"
            placeholder="Email"
            required=""
            value=""
          />
        </div>
      </div>
      <button
        aria-label="submit-reset-password"
        class="chakra-button css-1ktoofj"
        id="submit-reset-password"
        type="submit"
      >
        Reset password
      </button>
    </div>
  </form>
  <div
    class="css-18voih5"
  >
    <p
      class="chakra-text css-1u7an2r"
    >
      No account?
      <span
        class="chakra-link css-ntv2za"
        href="/register"
        title="Link to register an account"
      >
         Register now
      </span>
    </p>
    <span
      class="chakra-link css-1nbxiji"
      href="/login"
      title="Link to register an account"
    >
       Go to login
    </span>
  </div>
</DocumentFragment>
`;
